2025-09-14 18:34:03 | INFO | root | Aplicação iniciada
2025-09-14 18:34:17 | INFO | root | Coleta iniciada: intervalo=2 duracao=0 gpu_index= csv_path=.\logs\gpu_log.csv overwrite=False
2025-09-14 18:34:17 | INFO | root | sample written: 2025-09-14T18:34:17,1,4,12282,1522,46,10.49
2025-09-14 18:34:19 | INFO | root | sample written: 2025-09-14T18:34:19,0,4,12282,1522,46,10.38
2025-09-14 18:34:21 | INFO | root | sample written: 2025-09-14T18:34:21,0,3,12282,1522,46,10.52
2025-09-14 18:34:23 | INFO | root | sample written: 2025-09-14T18:34:23,1,5,12282,1515,46,10.44
2025-09-14 18:34:24 | INFO | root | Coleta parada pelo usuário
2025-09-14 18:44:16 | INFO | root | Aplicação iniciada
2025-09-14 18:46:51 | INFO | root | Coleta iniciada: intervalo=2 duracao=0 gpu_index= csv_path=.\logs\gpu_log.csv overwrite=False
2025-09-14 18:46:51 | INFO | root | sample written: 2025-09-14T18:46:51,6,4,12282,1541,45,10.66
2025-09-14 18:46:53 | INFO | root | sample written: 2025-09-14T18:46:53,0,0,12282,1707,46,30.49
2025-09-14 18:46:55 | INFO | root | sample written: 2025-09-14T18:46:55,2,0,12282,2364,46,29.14
2025-09-14 18:46:57 | INFO | root | sample written: 2025-09-14T18:46:57,10,6,12282,3196,45,15.38
2025-09-14 18:46:59 | INFO | root | sample written: 2025-09-14T18:46:59,9,6,12282,4021,45,15.35
2025-09-14 18:47:01 | INFO | root | sample written: 2025-09-14T18:47:01,11,8,12282,4828,46,19.75
2025-09-14 18:47:03 | INFO | root | sample written: 2025-09-14T18:47:03,30,2,12282,5180,46,31.72
2025-09-14 18:47:05 | INFO | root | sample written: 2025-09-14T18:47:05,12,3,12282,4995,46,21.31
2025-09-14 18:47:07 | INFO | root | sample written: 2025-09-14T18:47:07,10,7,12282,5586,46,16.39
2025-09-14 18:47:09 | INFO | root | sample written: 2025-09-14T18:47:09,0,0,12282,6129,45,11.34
2025-09-14 18:47:11 | INFO | root | sample written: 2025-09-14T18:47:11,97,45,12282,11728,59,121.63
2025-09-14 18:47:13 | INFO | root | sample written: 2025-09-14T18:47:13,21,9,12282,11726,59,128.18
2025-09-14 18:47:15 | INFO | root | sample written: 2025-09-14T18:47:15,42,11,12282,11726,56,136.99
2025-09-14 18:47:17 | INFO | root | sample written: 2025-09-14T18:47:17,100,15,12282,11730,58,137.85
2025-09-14 18:47:19 | INFO | root | sample written: 2025-09-14T18:47:19,77,28,12282,11730,53,127.03
2025-09-14 18:47:21 | INFO | root | sample written: 2025-09-14T18:47:21,43,11,12282,11730,59,137.78
2025-09-14 18:47:23 | INFO | root | sample written: 2025-09-14T18:47:23,42,11,12282,11726,60,131.60
2025-09-14 18:47:25 | INFO | root | sample written: 2025-09-14T18:47:25,56,24,12282,11730,54,128.68
2025-09-14 18:47:27 | INFO | root | sample written: 2025-09-14T18:47:27,23,9,12282,11730,61,137.28
2025-09-14 18:47:29 | INFO | root | sample written: 2025-09-14T18:47:29,44,12,12282,11726,62,139.27
2025-09-14 18:47:31 | INFO | root | sample written: 2025-09-14T18:47:31,100,34,12282,11707,59,126.02
2025-09-14 18:47:33 | INFO | root | sample written: 2025-09-14T18:47:33,45,14,12282,11710,55,108.76
2025-09-14 18:47:35 | INFO | root | sample written: 2025-09-14T18:47:35,98,70,12282,11604,55,129.88
2025-09-14 18:47:37 | INFO | root | sample written: 2025-09-14T18:47:37,98,40,12282,11636,69,191.16
2025-09-14 18:47:39 | INFO | root | sample written: 2025-09-14T18:47:39,99,33,12282,11636,70,191.12
2025-09-14 18:47:41 | INFO | root | sample written: 2025-09-14T18:47:41,98,26,12282,11636,67,193.22
2025-09-14 18:47:43 | INFO | root | sample written: 2025-09-14T18:47:43,97,34,12282,11636,67,193.22
2025-09-14 18:47:45 | INFO | root | sample written: 2025-09-14T18:47:45,100,2,12282,11636,68,193.54
2025-09-14 18:47:47 | INFO | root | sample written: 2025-09-14T18:47:47,100,23,12282,11766,70,191.84
2025-09-14 18:47:49 | INFO | root | sample written: 2025-09-14T18:47:49,94,30,12282,11748,69,186.53
2025-09-14 18:47:51 | INFO | root | sample written: 2025-09-14T18:47:51,89,34,12282,11678,68,187.54
2025-09-14 18:47:53 | INFO | root | sample written: 2025-09-14T18:47:53,100,2,12282,11678,71,186.14
2025-09-14 18:47:55 | INFO | root | sample written: 2025-09-14T18:47:55,92,57,12282,11769,66,183.28
2025-09-14 18:47:57 | INFO | root | sample written: 2025-09-14T18:47:57,83,34,12282,11766,68,186.61
2025-09-14 18:47:59 | INFO | root | sample written: 2025-09-14T18:47:59,100,2,12282,11776,72,185.44
2025-09-14 18:48:01 | INFO | root | sample written: 2025-09-14T18:48:01,94,38,12282,11682,68,183.57
2025-09-14 18:48:03 | INFO | root | sample written: 2025-09-14T18:48:03,92,20,12282,11682,69,187.01
2025-09-14 18:48:05 | INFO | root | sample written: 2025-09-14T18:48:05,94,40,12282,11696,68,193.59
2025-09-14 18:48:07 | INFO | root | sample written: 2025-09-14T18:48:07,97,14,12282,11696,70,195.34
2025-09-14 18:48:09 | INFO | root | sample written: 2025-09-14T18:48:09,98,2,12282,11696,66,197.52
2025-09-14 18:48:11 | INFO | root | sample written: 2025-09-14T18:48:11,100,2,12282,11696,66,195.80
2025-09-14 18:48:13 | INFO | root | sample written: 2025-09-14T18:48:13,100,2,12282,11696,68,195.75
2025-09-14 18:48:15 | INFO | root | sample written: 2025-09-14T18:48:15,100,2,12282,11695,72,196.26
2025-09-14 18:48:17 | INFO | root | sample written: 2025-09-14T18:48:17,100,38,12282,11778,71,193.09
2025-09-14 18:48:19 | INFO | root | sample written: 2025-09-14T18:48:19,93,31,12282,11757,67,184.92
2025-09-14 18:48:21 | INFO | root | sample written: 2025-09-14T18:48:21,86,28,12282,11778,67,153.68
2025-09-14 18:48:23 | INFO | root | sample written: 2025-09-14T18:48:23,94,17,12282,11781,69,188.31
2025-09-14 18:48:25 | INFO | root | sample written: 2025-09-14T18:48:25,95,62,12282,11737,71,182.15
2025-09-14 18:48:27 | INFO | root | sample written: 2025-09-14T18:48:27,91,30,12282,11730,67,186.85
2025-09-14 18:48:29 | INFO | root | sample written: 2025-09-14T18:48:29,83,24,12282,11727,69,187.04
2025-09-14 18:48:31 | INFO | root | sample written: 2025-09-14T18:48:31,100,3,12282,11727,68,185.38
2025-09-14 18:48:33 | INFO | root | sample written: 2025-09-14T18:48:33,99,57,12282,11727,71,182.91
2025-09-14 18:48:35 | INFO | root | sample written: 2025-09-14T18:48:35,96,42,12282,11730,68,192.29
2025-09-14 18:48:37 | INFO | root | sample written: 2025-09-14T18:48:37,98,38,12282,11735,68,193.46
2025-09-14 18:48:39 | INFO | root | sample written: 2025-09-14T18:48:39,96,20,12282,11857,70,183.72
2025-09-14 18:48:41 | INFO | root | sample written: 2025-09-14T18:48:41,92,33,12282,11865,65,157.60
2025-09-14 18:48:43 | INFO | root | sample written: 2025-09-14T18:48:43,98,6,12282,11881,69,191.29
2025-09-14 18:48:45 | INFO | root | sample written: 2025-09-14T18:48:45,100,2,12282,11887,69,193.73
2025-09-14 18:48:47 | INFO | root | sample written: 2025-09-14T18:48:47,89,41,12282,11923,69,149.80
2025-09-14 18:48:49 | INFO | root | sample written: 2025-09-14T18:48:49,95,68,12282,11890,71,184.73
2025-09-14 18:48:51 | INFO | root | sample written: 2025-09-14T18:48:51,89,26,12282,11873,69,172.42
2025-09-14 18:48:53 | INFO | root | sample written: 2025-09-14T18:48:53,100,1,12282,11864,58,105.91
2025-09-14 18:48:55 | INFO | root | sample written: 2025-09-14T18:48:55,100,1,12282,11854,56,63.53
2025-09-14 18:48:57 | INFO | root | sample written: 2025-09-14T18:48:57,100,1,12282,11842,56,62.12
2025-09-14 18:48:59 | INFO | root | sample written: 2025-09-14T18:48:59,96,5,12282,11883,65,165.61
2025-09-14 18:49:01 | INFO | root | sample written: 2025-09-14T18:49:01,89,31,12282,11906,69,172.95
2025-09-14 18:49:03 | INFO | root | sample written: 2025-09-14T18:49:03,100,52,12282,11909,60,170.00
2025-09-14 18:49:05 | INFO | root | sample written: 2025-09-14T18:49:05,92,26,12282,11916,66,180.71
2025-09-14 18:49:07 | INFO | root | sample written: 2025-09-14T18:49:07,96,68,12282,11910,67,184.64
2025-09-14 18:49:09 | INFO | root | sample written: 2025-09-14T18:49:09,91,17,12282,11924,69,184.51
2025-09-14 18:49:11 | INFO | root | sample written: 2025-09-14T18:49:11,100,3,12282,11910,68,191.12
2025-09-14 18:49:13 | INFO | root | sample written: 2025-09-14T18:49:13,96,55,12282,11899,65,192.71
2025-09-14 18:49:15 | INFO | root | sample written: 2025-09-14T18:49:15,100,1,12282,11889,72,166.19
2025-09-14 18:49:17 | INFO | root | sample written: 2025-09-14T18:49:17,98,34,12282,11887,71,188.75
2025-09-14 18:49:19 | INFO | root | sample written: 2025-09-14T18:49:19,95,39,12282,11887,65,189.65
2025-09-14 18:49:21 | INFO | root | sample written: 2025-09-14T18:49:21,100,0,12282,11891,57,61.96
2025-09-14 18:49:23 | INFO | root | sample written: 2025-09-14T18:49:23,100,0,12282,11885,56,60.98
2025-09-14 18:49:25 | INFO | root | sample written: 2025-09-14T18:49:25,100,0,12282,11906,55,59.93
2025-09-14 18:49:27 | INFO | root | sample written: 2025-09-14T18:49:27,100,0,12282,11913,55,60.44
2025-09-14 18:49:29 | INFO | root | sample written: 2025-09-14T18:49:29,100,0,12282,11892,55,59.15
2025-09-14 18:49:31 | INFO | root | sample written: 2025-09-14T18:49:31,100,0,12282,11848,55,90.11
2025-09-14 18:49:33 | INFO | root | sample written: 2025-09-14T18:49:33,100,0,12282,11851,56,93.94
2025-09-14 18:49:35 | INFO | root | sample written: 2025-09-14T18:49:35,100,1,12282,11904,54,58.99
2025-09-14 18:49:38 | INFO | root | sample written: 2025-09-14T18:49:38,100,0,12282,11907,55,92.17
2025-09-14 18:49:40 | INFO | root | sample written: 2025-09-14T18:49:40,100,1,12282,11895,53,58.69
2025-09-14 18:49:42 | INFO | root | sample written: 2025-09-14T18:49:42,92,29,12282,11919,58,133.76
2025-09-14 18:49:44 | INFO | root | sample written: 2025-09-14T18:49:44,95,33,12282,11924,64,107.61
2025-09-14 18:49:46 | INFO | root | sample written: 2025-09-14T18:49:46,98,6,12282,11856,57,123.24
2025-09-14 18:49:48 | INFO | root | sample written: 2025-09-14T18:49:48,100,0,12282,11910,54,58.41
2025-09-14 18:49:50 | INFO | root | sample written: 2025-09-14T18:49:50,100,0,12282,11792,54,111.68
2025-09-14 18:49:52 | INFO | root | sample written: 2025-09-14T18:49:52,9,1,12282,5923,53,88.81
2025-09-14 18:49:54 | INFO | root | sample written: 2025-09-14T18:49:54,16,1,12282,5827,51,31.42
2025-09-14 18:49:56 | INFO | root | sample written: 2025-09-14T18:49:56,39,2,12282,5881,51,24.18
2025-09-14 18:49:58 | INFO | root | sample written: 2025-09-14T18:49:58,0,0,12282,7060,52,48.97
2025-09-14 18:50:00 | INFO | root | sample written: 2025-09-14T18:50:00,97,24,12282,11875,64,156.34
2025-09-14 18:50:02 | INFO | root | sample written: 2025-09-14T18:50:02,89,30,12282,11920,61,163.74
2025-09-14 18:50:04 | INFO | root | sample written: 2025-09-14T18:50:04,100,46,12282,11903,68,160.34
2025-09-14 18:50:06 | INFO | root | sample written: 2025-09-14T18:50:06,100,47,12282,11897,69,150.73
2025-09-14 18:50:08 | INFO | root | sample written: 2025-09-14T18:50:08,75,2,12282,11689,55,64.14
2025-09-14 18:50:10 | INFO | root | sample written: 2025-09-14T18:50:10,100,4,12282,11820,55,63.99
2025-09-14 18:50:12 | INFO | root | sample written: 2025-09-14T18:50:12,100,20,12282,11777,63,75.73
2025-09-14 18:50:14 | INFO | root | sample written: 2025-09-14T18:50:14,95,3,12282,11875,61,62.57
2025-09-14 18:50:16 | INFO | root | sample written: 2025-09-14T18:50:16,90,27,12282,11849,63,108.87
2025-09-14 18:50:18 | INFO | root | sample written: 2025-09-14T18:50:18,100,1,12282,11904,55,67.01
2025-09-14 18:50:20 | INFO | root | sample written: 2025-09-14T18:50:20,100,1,12282,11907,54,67.94
2025-09-14 18:50:22 | INFO | root | sample written: 2025-09-14T18:50:22,89,7,12282,11901,55,99.41
2025-09-14 18:50:24 | INFO | root | sample written: 2025-09-14T18:50:24,99,1,12282,11809,54,63.40
2025-09-14 18:50:26 | INFO | root | sample written: 2025-09-14T18:50:26,100,1,12282,11799,54,69.61
2025-09-14 18:50:28 | INFO | root | sample written: 2025-09-14T18:50:28,100,1,12282,11799,55,100.51
2025-09-14 18:50:30 | INFO | root | sample written: 2025-09-14T18:50:30,87,54,12282,11890,58,85.73
2025-09-14 18:50:32 | INFO | root | sample written: 2025-09-14T18:50:32,70,35,12282,11869,62,76.45
2025-09-14 18:50:34 | INFO | root | sample written: 2025-09-14T18:50:34,81,28,12282,11884,64,149.98
2025-09-14 18:50:36 | INFO | root | sample written: 2025-09-14T18:50:36,100,1,12282,11842,57,82.50
2025-09-14 18:50:38 | INFO | root | sample written: 2025-09-14T18:50:38,79,38,12282,11844,68,159.84
2025-09-14 18:50:40 | INFO | root | sample written: 2025-09-14T18:50:40,100,1,12282,11868,57,98.07
2025-09-14 18:50:42 | INFO | root | sample written: 2025-09-14T18:50:42,100,1,12282,11915,59,92.93
2025-09-14 18:50:44 | INFO | root | sample written: 2025-09-14T18:50:44,100,2,12282,11900,59,117.94
2025-09-14 18:50:46 | INFO | root | sample written: 2025-09-14T18:50:46,100,1,12282,11902,61,123.52
2025-09-14 18:50:48 | INFO | root | sample written: 2025-09-14T18:50:48,100,1,12282,11833,59,119.54
2025-09-14 18:50:50 | INFO | root | sample written: 2025-09-14T18:50:50,100,1,12282,11860,55,61.79
2025-09-14 18:50:52 | INFO | root | sample written: 2025-09-14T18:50:52,97,1,12282,11836,55,63.37
2025-09-14 18:50:54 | INFO | root | sample written: 2025-09-14T18:50:54,100,1,12282,11831,55,61.72
2025-09-14 18:50:56 | INFO | root | sample written: 2025-09-14T18:50:56,93,14,12282,11817,66,125.82
2025-09-14 18:50:58 | INFO | root | sample written: 2025-09-14T18:50:58,90,5,12282,11827,60,145.99
2025-09-14 18:51:00 | INFO | root | sample written: 2025-09-14T18:51:00,86,29,12282,11840,61,75.74
2025-09-14 18:51:02 | INFO | root | sample written: 2025-09-14T18:51:02,91,47,12282,11853,67,171.58
2025-09-14 18:51:04 | INFO | root | sample written: 2025-09-14T18:51:04,100,0,12282,11830,59,110.79
2025-09-14 18:51:06 | INFO | root | sample written: 2025-09-14T18:51:06,100,5,12282,11874,67,128.14
2025-09-14 18:51:08 | INFO | root | sample written: 2025-09-14T18:51:08,89,34,12282,11877,61,142.53
2025-09-14 18:51:10 | INFO | root | sample written: 2025-09-14T18:51:10,100,2,12282,11871,58,80.12
2025-09-14 18:51:12 | INFO | root | sample written: 2025-09-14T18:51:12,100,2,12282,11853,57,129.61
2025-09-14 18:51:14 | INFO | root | sample written: 2025-09-14T18:51:14,100,4,12282,11854,62,72.31
2025-09-14 18:51:16 | INFO | root | sample written: 2025-09-14T18:51:16,100,2,12282,11832,65,128.88
2025-09-14 18:51:18 | INFO | root | sample written: 2025-09-14T18:51:18,97,27,12282,11856,59,143.73
2025-09-14 18:51:20 | INFO | root | sample written: 2025-09-14T18:51:20,93,14,12282,11863,59,83.29
2025-09-14 18:51:22 | INFO | root | sample written: 2025-09-14T18:51:22,100,1,12282,11908,57,137.30
2025-09-14 18:51:24 | INFO | root | sample written: 2025-09-14T18:51:24,100,2,12282,11911,60,106.90
2025-09-14 18:51:26 | INFO | root | sample written: 2025-09-14T18:51:26,100,2,12282,11901,56,70.36
2025-09-14 18:51:28 | INFO | root | sample written: 2025-09-14T18:51:28,97,1,12282,11913,56,98.18
2025-09-14 18:51:30 | INFO | root | sample written: 2025-09-14T18:51:30,100,16,12282,11900,68,86.90
2025-09-14 18:51:32 | INFO | root | sample written: 2025-09-14T18:51:32,100,2,12282,11887,60,125.47
2025-09-14 18:51:34 | INFO | root | sample written: 2025-09-14T18:51:34,100,1,12282,11885,58,84.77
2025-09-14 18:51:36 | INFO | root | sample written: 2025-09-14T18:51:36,96,9,12282,11891,58,138.18
2025-09-14 18:51:38 | INFO | root | sample written: 2025-09-14T18:51:38,95,1,12282,11903,57,75.96
2025-09-14 18:51:40 | INFO | root | sample written: 2025-09-14T18:51:40,92,10,12282,11887,56,85.44
2025-09-14 18:51:42 | INFO | root | sample written: 2025-09-14T18:51:42,100,1,12282,11929,55,70.71
2025-09-14 18:51:44 | INFO | root | sample written: 2025-09-14T18:51:44,100,1,12282,11882,56,72.87
2025-09-14 18:51:46 | INFO | root | sample written: 2025-09-14T18:51:46,100,2,12282,11922,56,71.26
2025-09-14 18:51:48 | INFO | root | sample written: 2025-09-14T18:51:48,95,1,12282,11928,55,70.13
2025-09-14 18:51:50 | INFO | root | sample written: 2025-09-14T18:51:50,91,18,12282,11884,65,143.89
2025-09-14 18:51:52 | INFO | root | sample written: 2025-09-14T18:51:52,100,2,12282,11873,56,67.50
2025-09-14 18:51:54 | INFO | root | sample written: 2025-09-14T18:51:54,100,2,12282,11840,55,66.88
2025-09-14 18:51:56 | INFO | root | sample written: 2025-09-14T18:51:56,100,2,12282,11887,55,77.38
2025-09-14 18:51:58 | INFO | root | sample written: 2025-09-14T18:51:58,98,9,12282,11917,57,95.87
2025-09-14 18:52:00 | INFO | root | sample written: 2025-09-14T18:52:00,95,5,12282,11903,55,74.04
2025-09-14 18:52:02 | INFO | root | sample written: 2025-09-14T18:52:02,100,3,12282,11875,60,120.09
2025-09-14 18:52:04 | INFO | root | sample written: 2025-09-14T18:52:04,100,2,12282,11902,56,72.65
2025-09-14 18:52:06 | INFO | root | sample written: 2025-09-14T18:52:06,100,1,12282,11908,55,82.52
2025-09-14 18:52:08 | INFO | root | sample written: 2025-09-14T18:52:08,100,2,12282,11878,57,104.51
2025-09-14 18:52:10 | INFO | root | sample written: 2025-09-14T18:52:10,100,4,12282,11855,56,110.03
2025-09-14 18:52:12 | INFO | root | sample written: 2025-09-14T18:52:12,100,41,12282,11908,57,87.84
2025-09-14 18:52:14 | INFO | root | sample written: 2025-09-14T18:52:14,100,2,12282,11905,56,70.77
2025-09-14 18:52:16 | INFO | root | sample written: 2025-09-14T18:52:16,100,1,12282,11890,55,62.52
2025-09-14 18:52:18 | INFO | root | sample written: 2025-09-14T18:52:18,100,3,12282,11885,56,90.96
2025-09-14 18:52:20 | INFO | root | sample written: 2025-09-14T18:52:20,100,2,12282,11899,56,102.88
2025-09-14 18:52:22 | INFO | root | sample written: 2025-09-14T18:52:22,100,2,12282,11883,57,110.04
2025-09-14 18:52:24 | INFO | root | sample written: 2025-09-14T18:52:24,100,2,12282,11913,56,71.60
2025-09-14 18:52:26 | INFO | root | sample written: 2025-09-14T18:52:26,100,2,12282,11850,55,64.81
2025-09-14 18:52:28 | INFO | root | sample written: 2025-09-14T18:52:28,91,29,12282,11873,58,113.39
2025-09-14 18:52:30 | INFO | root | sample written: 2025-09-14T18:52:30,100,3,12282,11869,65,127.71
2025-09-14 18:52:32 | INFO | root | sample written: 2025-09-14T18:52:32,100,2,12282,11865,61,117.49
2025-09-14 18:52:34 | INFO | root | sample written: 2025-09-14T18:52:34,100,2,12282,11805,57,82.54
2025-09-14 18:52:36 | INFO | root | sample written: 2025-09-14T18:52:36,100,1,12282,11806,55,65.25
2025-09-14 18:52:38 | INFO | root | sample written: 2025-09-14T18:52:38,98,28,12282,11877,57,111.69
2025-09-14 18:52:40 | INFO | root | sample written: 2025-09-14T18:52:40,100,0,12282,11897,55,65.08
2025-09-14 18:52:42 | INFO | root | sample written: 2025-09-14T18:52:42,99,19,12282,11889,57,134.78
2025-09-14 18:52:44 | INFO | root | sample written: 2025-09-14T18:52:44,99,2,12282,11889,61,142.93
2025-09-14 18:52:46 | INFO | root | sample written: 2025-09-14T18:52:46,100,0,12282,11889,59,120.81
2025-09-14 18:52:48 | INFO | root | sample written: 2025-09-14T18:52:48,100,2,12282,11896,65,77.90
2025-09-14 18:52:50 | INFO | root | sample written: 2025-09-14T18:52:50,100,2,12282,11898,56,84.30
2025-09-14 18:52:52 | INFO | root | sample written: 2025-09-14T18:52:52,100,1,12282,11889,57,60.53
2025-09-14 18:52:54 | INFO | root | sample written: 2025-09-14T18:52:54,100,2,12282,11885,58,126.18
2025-09-14 18:52:56 | INFO | root | sample written: 2025-09-14T18:52:56,98,26,12282,11875,61,135.97
2025-09-14 18:52:58 | INFO | root | sample written: 2025-09-14T18:52:58,100,1,12282,11875,58,82.31
2025-09-14 18:53:00 | INFO | root | sample written: 2025-09-14T18:53:00,97,27,12282,11895,59,110.22
2025-09-14 18:53:03 | INFO | root | sample written: 2025-09-14T18:53:03,100,1,12282,11877,56,70.50
2025-09-14 18:53:05 | INFO | root | sample written: 2025-09-14T18:53:05,100,6,12282,11863,64,82.86
2025-09-14 18:53:07 | INFO | root | sample written: 2025-09-14T18:53:07,98,26,12282,11866,64,137.61
2025-09-14 18:53:09 | INFO | root | sample written: 2025-09-14T18:53:09,98,36,12282,11909,61,136.82
2025-09-14 18:53:11 | INFO | root | sample written: 2025-09-14T18:53:11,100,1,12282,11899,57,85.11
2025-09-14 18:53:13 | INFO | root | sample written: 2025-09-14T18:53:13,100,1,12282,11904,59,97.36
2025-09-14 18:53:15 | INFO | root | sample written: 2025-09-14T18:53:15,100,2,12282,11905,56,64.79
2025-09-14 18:53:17 | INFO | root | sample written: 2025-09-14T18:53:17,100,0,12282,11864,59,99.32
2025-09-14 18:53:19 | INFO | root | sample written: 2025-09-14T18:53:19,100,2,12282,11907,56,63.53
2025-09-14 18:53:21 | INFO | root | sample written: 2025-09-14T18:53:21,87,12,12282,11907,58,72.94
2025-09-14 18:53:23 | INFO | root | sample written: 2025-09-14T18:53:23,100,30,12282,11887,60,130.04
2025-09-14 18:53:25 | INFO | root | sample written: 2025-09-14T18:53:25,100,1,12282,11887,59,69.74
2025-09-14 18:53:27 | INFO | root | sample written: 2025-09-14T18:53:27,100,2,12282,11893,59,129.11
2025-09-14 18:53:29 | INFO | root | sample written: 2025-09-14T18:53:29,97,21,12282,11890,63,129.42
2025-09-14 18:53:31 | INFO | root | sample written: 2025-09-14T18:53:31,100,2,12282,11875,60,106.30
2025-09-14 18:53:33 | INFO | root | sample written: 2025-09-14T18:53:33,100,42,12282,11886,63,142.68
2025-09-14 18:53:35 | INFO | root | sample written: 2025-09-14T18:53:35,100,3,12282,11892,66,104.08
2025-09-14 18:53:37 | INFO | root | sample written: 2025-09-14T18:53:37,99,1,12282,11903,60,134.95
2025-09-14 18:53:39 | INFO | root | sample written: 2025-09-14T18:53:39,100,1,12282,11887,59,136.12
2025-09-14 18:53:41 | INFO | root | sample written: 2025-09-14T18:53:41,94,29,12282,11881,59,121.35
2025-09-14 18:53:43 | INFO | root | sample written: 2025-09-14T18:53:43,92,22,12282,11902,64,150.15
2025-09-14 18:53:45 | INFO | root | sample written: 2025-09-14T18:53:45,100,18,12282,11897,69,111.54
2025-09-14 18:53:47 | INFO | root | sample written: 2025-09-14T18:53:47,100,33,12282,11891,63,152.46
2025-09-14 18:53:49 | INFO | root | sample written: 2025-09-14T18:53:49,95,8,12282,11891,59,111.79
2025-09-14 18:53:51 | INFO | root | sample written: 2025-09-14T18:53:51,100,25,12282,11882,71,123.80
2025-09-14 18:53:53 | INFO | root | sample written: 2025-09-14T18:53:53,97,5,12282,11849,60,112.37
2025-09-14 18:53:55 | INFO | root | sample written: 2025-09-14T18:53:55,99,12,12282,11837,67,128.18
2025-09-14 18:53:57 | INFO | root | sample written: 2025-09-14T18:53:57,100,2,12282,11836,59,76.62
2025-09-14 18:53:59 | INFO | root | sample written: 2025-09-14T18:53:59,97,25,12282,11817,58,75.55
2025-09-14 18:54:01 | INFO | root | sample written: 2025-09-14T18:54:01,99,14,12282,11837,59,85.60
2025-09-14 18:54:03 | INFO | root | sample written: 2025-09-14T18:54:03,100,1,12282,11764,58,74.26
2025-09-14 18:54:05 | INFO | root | sample written: 2025-09-14T18:54:05,100,1,12282,11718,57,64.49
2025-09-14 18:54:07 | INFO | root | sample written: 2025-09-14T18:54:07,91,1,12282,11841,60,127.60
2025-09-14 18:54:09 | INFO | root | sample written: 2025-09-14T18:54:09,100,4,12282,11846,58,90.72
2025-09-14 18:54:11 | INFO | root | sample written: 2025-09-14T18:54:11,98,11,12282,11846,58,103.00
2025-09-14 18:54:13 | INFO | root | sample written: 2025-09-14T18:54:13,100,2,12282,11710,59,106.98
2025-09-14 18:54:15 | INFO | root | sample written: 2025-09-14T18:54:15,100,30,12282,11850,58,75.25
2025-09-14 18:54:17 | INFO | root | sample written: 2025-09-14T18:54:17,100,4,12282,11851,57,78.34
2025-09-14 18:54:19 | INFO | root | sample written: 2025-09-14T18:54:19,99,23,12282,11862,59,97.17
2025-09-14 18:54:21 | INFO | root | sample written: 2025-09-14T18:54:21,100,1,12282,11853,57,73.55
2025-09-14 18:54:23 | INFO | root | sample written: 2025-09-14T18:54:23,100,1,12282,11872,57,71.68
2025-09-14 18:54:25 | INFO | root | sample written: 2025-09-14T18:54:25,100,1,12282,11775,56,61.92
2025-09-14 18:54:27 | INFO | root | sample written: 2025-09-14T18:54:27,99,12,12282,11831,65,94.61
2025-09-14 18:54:29 | INFO | root | sample written: 2025-09-14T18:54:29,98,20,12282,11837,56,74.80
2025-09-14 18:54:31 | INFO | root | sample written: 2025-09-14T18:54:31,99,3,12282,11870,67,112.05
2025-09-14 18:54:33 | INFO | root | sample written: 2025-09-14T18:54:33,100,1,12282,11850,58,86.99
2025-09-14 18:54:35 | INFO | root | sample written: 2025-09-14T18:54:35,100,1,12282,11841,57,74.93
2025-09-14 18:54:37 | INFO | root | sample written: 2025-09-14T18:54:37,100,5,12282,11851,56,67.90
2025-09-14 18:54:39 | INFO | root | sample written: 2025-09-14T18:54:39,100,3,12282,11848,55,66.28
2025-09-14 18:54:41 | INFO | root | sample written: 2025-09-14T18:54:41,98,16,12282,11829,58,92.99
2025-09-14 18:54:43 | INFO | root | sample written: 2025-09-14T18:54:43,100,2,12282,11733,56,76.12
2025-09-14 18:54:45 | INFO | root | sample written: 2025-09-14T18:54:45,100,4,12282,11733,57,83.42
2025-09-14 18:54:47 | INFO | root | sample written: 2025-09-14T18:54:47,98,27,12282,11733,62,78.28
2025-09-14 18:54:49 | INFO | root | sample written: 2025-09-14T18:54:49,100,7,12282,11825,57,118.73
2025-09-14 18:54:51 | INFO | root | sample written: 2025-09-14T18:54:51,97,17,12282,11825,56,110.75
2025-09-14 18:54:53 | INFO | root | sample written: 2025-09-14T18:54:53,96,29,12282,11825,63,125.16
2025-09-14 18:54:55 | INFO | root | sample written: 2025-09-14T18:54:55,100,2,12282,11826,61,131.29
2025-09-14 18:54:57 | INFO | root | sample written: 2025-09-14T18:54:57,0,0,12282,11801,57,104.02
2025-09-14 18:54:59 | INFO | root | sample written: 2025-09-14T18:54:59,0,0,12282,5979,55,49.80
2025-09-14 18:55:01 | INFO | root | sample written: 2025-09-14T18:55:01,12,4,12282,6103,53,26.38
2025-09-14 18:55:03 | INFO | root | sample written: 2025-09-14T18:55:03,3,2,12282,6098,52,17.64
2025-09-14 18:55:05 | INFO | root | sample written: 2025-09-14T18:55:05,5,2,12282,6097,52,15.43
2025-09-14 18:55:07 | INFO | root | sample written: 2025-09-14T18:55:07,12,5,12282,6100,51,32.00
2025-09-14 18:55:09 | INFO | root | sample written: 2025-09-14T18:55:09,4,1,12282,6097,51,22.25
2025-09-14 18:55:11 | INFO | root | sample written: 2025-09-14T18:55:11,17,9,12282,6184,51,18.80
2025-09-14 18:55:13 | INFO | root | sample written: 2025-09-14T18:55:13,0,0,12282,6308,51,32.08
2025-09-14 18:55:15 | INFO | root | sample written: 2025-09-14T18:55:15,2,2,12282,6099,50,30.31
2025-09-14 18:55:17 | INFO | root | sample written: 2025-09-14T18:55:17,22,18,12282,6101,50,19.05
2025-09-14 18:55:19 | INFO | root | sample written: 2025-09-14T18:55:19,6,3,12282,6096,50,18.35
2025-09-14 18:55:21 | INFO | root | sample written: 2025-09-14T18:55:21,1,0,12282,6093,50,32.32
2025-09-14 18:55:23 | INFO | root | sample written: 2025-09-14T18:55:23,16,6,12282,6099,50,23.48
2025-09-14 18:55:25 | INFO | root | sample written: 2025-09-14T18:55:25,3,4,12282,6191,50,20.17
2025-09-14 18:55:27 | INFO | root | sample written: 2025-09-14T18:55:27,3,3,12282,6318,49,19.49
2025-09-14 18:55:29 | INFO | root | sample written: 2025-09-14T18:55:29,45,34,12282,6264,49,19.78
2025-09-14 18:55:31 | INFO | root | sample written: 2025-09-14T18:55:31,2,3,12282,6103,49,20.61
2025-09-14 18:55:33 | INFO | root | sample written: 2025-09-14T18:55:33,41,32,12282,6102,49,18.10
2025-09-14 18:55:35 | INFO | root | sample written: 2025-09-14T18:55:35,2,2,12282,6101,49,18.90
2025-09-14 18:55:37 | INFO | root | sample written: 2025-09-14T18:55:37,0,2,12282,6095,49,18.04
2025-09-14 18:55:39 | INFO | root | sample written: 2025-09-14T18:55:39,12,10,12282,6103,48,18.33
2025-09-14 18:55:41 | INFO | root | sample written: 2025-09-14T18:55:41,42,30,12282,6110,49,18.00
2025-09-14 18:55:43 | INFO | root | sample written: 2025-09-14T18:55:43,9,8,12282,6108,49,19.30
2025-09-14 18:55:45 | INFO | root | sample written: 2025-09-14T18:55:45,36,32,12282,6101,49,19.45
2025-09-14 18:55:47 | INFO | root | sample written: 2025-09-14T18:55:47,2,2,12282,6094,48,20.26
2025-09-14 18:55:49 | INFO | root | sample written: 2025-09-14T18:55:49,33,27,12282,6093,48,18.77
2025-09-14 18:55:51 | INFO | root | sample written: 2025-09-14T18:55:51,3,2,12282,6096,48,16.78
2025-09-14 18:55:53 | INFO | root | sample written: 2025-09-14T18:55:53,26,19,12282,6096,48,12.97
2025-09-14 18:55:55 | INFO | root | sample written: 2025-09-14T18:55:55,18,12,12282,6094,48,13.32
2025-09-14 18:55:57 | INFO | root | sample written: 2025-09-14T18:55:57,1,0,12282,6105,48,31.09
2025-09-14 18:55:59 | INFO | root | sample written: 2025-09-14T18:55:59,5,0,12282,5939,48,20.29
2025-09-14 18:56:01 | INFO | root | sample written: 2025-09-14T18:56:01,8,2,12282,5940,48,16.13
2025-09-14 18:56:03 | INFO | root | sample written: 2025-09-14T18:56:03,8,5,12282,5940,48,12.20
2025-09-14 18:56:05 | INFO | root | sample written: 2025-09-14T18:56:05,3,5,12282,5933,48,11.54
2025-09-14 18:56:07 | INFO | root | sample written: 2025-09-14T18:56:07,6,5,12282,5935,48,12.20
2025-09-14 18:56:09 | INFO | root | sample written: 2025-09-14T18:56:09,7,5,12282,6100,48,12.27
2025-09-14 18:56:11 | INFO | root | sample written: 2025-09-14T18:56:11,7,5,12282,6096,48,12.51
2025-09-14 18:56:13 | INFO | root | sample written: 2025-09-14T18:56:13,21,14,12282,6091,48,11.98
2025-09-14 18:56:15 | INFO | root | sample written: 2025-09-14T18:56:15,20,13,12282,6090,48,12.60
2025-09-14 18:56:17 | INFO | root | sample written: 2025-09-14T18:56:17,20,15,12282,6097,48,12.10
2025-09-14 18:56:19 | INFO | root | sample written: 2025-09-14T18:56:19,6,3,12282,6097,49,22.84
2025-09-14 18:56:21 | INFO | root | sample written: 2025-09-14T18:56:21,6,2,12282,6100,48,26.14
2025-09-14 18:56:23 | INFO | root | sample written: 2025-09-14T18:56:23,14,9,12282,6316,48,18.91
2025-09-14 18:56:25 | INFO | root | sample written: 2025-09-14T18:56:25,96,61,12282,6390,48,21.95
2025-09-14 18:56:27 | INFO | root | sample written: 2025-09-14T18:56:27,13,5,12282,6134,48,27.37
2025-09-14 18:56:29 | INFO | root | sample written: 2025-09-14T18:56:29,40,32,12282,6121,48,17.17
2025-09-14 18:56:31 | INFO | root | sample written: 2025-09-14T18:56:31,9,2,12282,6134,49,24.78
2025-09-14 18:56:33 | INFO | root | sample written: 2025-09-14T18:56:33,2,0,12282,6133,48,24.17
2025-09-14 18:56:35 | INFO | root | sample written: 2025-09-14T18:56:35,2,3,12282,6129,48,16.22
2025-09-14 18:56:37 | INFO | root | sample written: 2025-09-14T18:56:37,18,14,12282,6257,48,13.40
2025-09-14 18:56:39 | INFO | root | sample written: 2025-09-14T18:56:39,4,2,12282,6053,48,14.65
2025-09-14 18:56:42 | INFO | root | sample written: 2025-09-14T18:56:42,31,22,12282,6047,48,13.85
2025-09-14 18:56:44 | INFO | root | sample written: 2025-09-14T18:56:44,14,12,12282,6090,48,12.57
2025-09-14 18:56:46 | INFO | root | sample written: 2025-09-14T18:56:46,6,5,12282,6026,48,12.24
2025-09-14 18:56:48 | INFO | root | sample written: 2025-09-14T18:56:48,7,6,12282,6033,48,13.00
2025-09-14 18:56:50 | INFO | root | sample written: 2025-09-14T18:56:50,4,3,12282,6037,48,16.01
2025-09-14 18:56:52 | INFO | root | sample written: 2025-09-14T18:56:52,5,5,12282,6034,48,12.30
2025-09-14 18:56:54 | INFO | root | sample written: 2025-09-14T18:56:54,9,7,12282,6031,48,12.76
2025-09-14 18:56:56 | INFO | root | sample written: 2025-09-14T18:56:56,4,4,12282,6019,48,12.64
2025-09-14 18:56:58 | INFO | root | sample written: 2025-09-14T18:56:58,3,4,12282,5970,48,11.83
2025-09-14 18:57:00 | INFO | root | sample written: 2025-09-14T18:57:00,60,38,12282,6280,48,17.74
2025-09-14 18:57:02 | INFO | root | sample written: 2025-09-14T18:57:02,1,0,12282,6132,48,27.42
2025-09-14 18:57:04 | INFO | root | sample written: 2025-09-14T18:57:04,5,3,12282,5969,48,16.19
2025-09-14 18:57:06 | INFO | root | sample written: 2025-09-14T18:57:06,1,0,12282,6145,49,30.77
2025-09-14 18:57:08 | INFO | root | sample written: 2025-09-14T18:57:08,12,5,12282,6136,48,22.71
2025-09-14 18:57:10 | INFO | root | sample written: 2025-09-14T18:57:10,3,2,12282,6086,48,19.23
2025-09-14 18:57:12 | INFO | root | sample written: 2025-09-14T18:57:12,10,3,12282,6120,49,25.41
2025-09-14 18:57:14 | INFO | root | sample written: 2025-09-14T18:57:14,3,0,12282,6083,48,23.65
2025-09-14 18:57:16 | INFO | root | sample written: 2025-09-14T18:57:16,5,2,12282,6125,48,18.15
2025-09-14 18:57:18 | INFO | root | sample written: 2025-09-14T18:57:18,18,14,12282,6148,48,18.14
2025-09-14 18:57:20 | INFO | root | sample written: 2025-09-14T18:57:20,8,6,12282,5989,48,11.25
2025-09-14 18:57:22 | INFO | root | sample written: 2025-09-14T18:57:22,5,6,12282,5989,48,11.28
2025-09-14 18:57:24 | INFO | root | sample written: 2025-09-14T18:57:24,7,6,12282,5986,48,11.06
2025-09-14 18:57:26 | INFO | root | sample written: 2025-09-14T18:57:26,6,6,12282,5970,48,11.36
2025-09-14 18:57:28 | INFO | root | sample written: 2025-09-14T18:57:28,5,6,12282,5965,48,11.27
2025-09-14 18:57:30 | INFO | root | sample written: 2025-09-14T18:57:30,7,6,12282,5982,48,11.48
2025-09-14 18:57:32 | INFO | root | sample written: 2025-09-14T18:57:32,9,6,12282,5982,48,11.68
2025-09-14 18:57:34 | INFO | root | sample written: 2025-09-14T18:57:34,7,5,12282,5983,48,11.57
2025-09-14 18:57:36 | INFO | root | sample written: 2025-09-14T18:57:36,7,5,12282,5979,48,11.72
2025-09-14 18:57:38 | INFO | root | sample written: 2025-09-14T18:57:38,6,5,12282,5991,48,11.70
2025-09-14 18:57:40 | INFO | root | sample written: 2025-09-14T18:57:40,10,6,12282,5992,48,11.58
2025-09-14 18:57:42 | INFO | root | sample written: 2025-09-14T18:57:42,6,5,12282,5992,48,11.45
2025-09-14 18:57:44 | INFO | root | sample written: 2025-09-14T18:57:44,8,5,12282,5992,48,11.26
2025-09-14 18:57:46 | INFO | root | sample written: 2025-09-14T18:57:46,7,5,12282,5990,48,11.02
2025-09-14 18:57:48 | INFO | root | sample written: 2025-09-14T18:57:48,7,5,12282,5996,48,11.36
2025-09-14 18:57:50 | INFO | root | sample written: 2025-09-14T18:57:50,7,6,12282,5997,48,11.26
2025-09-14 18:57:52 | INFO | root | sample written: 2025-09-14T18:57:52,13,8,12282,6077,48,11.57
2025-09-14 18:57:54 | INFO | root | sample written: 2025-09-14T18:57:54,2,1,12282,6005,48,31.32
2025-09-14 18:57:56 | INFO | root | sample written: 2025-09-14T18:57:56,0,2,12282,5990,48,20.85
2025-09-14 18:57:58 | INFO | root | sample written: 2025-09-14T18:57:58,4,1,12282,6180,48,21.64
2025-09-14 18:58:00 | INFO | root | sample written: 2025-09-14T18:58:00,0,0,12282,6196,48,24.91
2025-09-14 18:58:02 | INFO | root | sample written: 2025-09-14T18:58:02,10,6,12282,6003,48,19.09
2025-09-14 18:58:04 | INFO | root | sample written: 2025-09-14T18:58:04,32,24,12282,6184,48,18.02
2025-09-14 18:58:06 | INFO | root | sample written: 2025-09-14T18:58:06,3,3,12282,6173,48,16.92
2025-09-14 18:58:08 | INFO | root | sample written: 2025-09-14T18:58:08,47,38,12282,6156,48,18.81
2025-09-14 18:58:10 | INFO | root | sample written: 2025-09-14T18:58:10,2,2,12282,6155,48,15.96
2025-09-14 18:58:12 | INFO | root | sample written: 2025-09-14T18:58:12,9,7,12282,6143,48,12.13
2025-09-14 18:58:14 | INFO | root | sample written: 2025-09-14T18:58:14,8,6,12282,6015,48,12.17
2025-09-14 18:58:16 | INFO | root | sample written: 2025-09-14T18:58:16,6,5,12282,6013,48,11.94
2025-09-14 18:58:18 | INFO | root | sample written: 2025-09-14T18:58:18,1,5,12282,6185,48,12.21
2025-09-14 18:58:20 | INFO | root | sample written: 2025-09-14T18:58:20,6,2,12282,6171,48,29.32
2025-09-14 18:58:22 | INFO | root | sample written: 2025-09-14T18:58:22,3,0,12282,6170,48,21.70
2025-09-14 18:58:24 | INFO | root | sample written: 2025-09-14T18:58:24,15,2,12282,6138,48,20.56
2025-09-14 18:58:26 | INFO | root | sample written: 2025-09-14T18:58:26,24,20,12282,6146,48,18.64
2025-09-14 18:58:28 | INFO | root | sample written: 2025-09-14T18:58:28,15,14,12282,6141,48,17.88
2025-09-14 18:58:30 | INFO | root | sample written: 2025-09-14T18:58:30,21,16,12282,6146,48,17.34
2025-09-14 18:58:32 | INFO | root | sample written: 2025-09-14T18:58:32,3,2,12282,6110,48,15.70
2025-09-14 18:58:34 | INFO | root | sample written: 2025-09-14T18:58:34,3,1,12282,6149,49,32.40
2025-09-14 18:58:36 | INFO | root | sample written: 2025-09-14T18:58:36,6,2,12282,6147,49,32.65
2025-09-14 18:58:38 | INFO | root | sample written: 2025-09-14T18:58:38,7,2,12282,6159,48,22.25
2025-09-14 18:58:40 | INFO | root | sample written: 2025-09-14T18:58:40,45,32,12282,7265,48,19.08
2025-09-14 18:58:42 | INFO | root | sample written: 2025-09-14T18:58:42,8,5,12282,7567,48,16.69
2025-09-14 18:58:44 | INFO | root | sample written: 2025-09-14T18:58:44,3,0,12282,7283,49,30.99
2025-09-14 18:58:46 | INFO | root | sample written: 2025-09-14T18:58:46,4,1,12282,7638,49,31.06
2025-09-14 18:58:48 | INFO | root | sample written: 2025-09-14T18:58:48,41,32,12282,8180,48,18.19
2025-09-14 18:58:50 | INFO | root | sample written: 2025-09-14T18:58:50,9,6,12282,8717,48,14.62
2025-09-14 18:58:52 | INFO | root | sample written: 2025-09-14T18:58:52,16,9,12282,9325,48,12.79
2025-09-14 18:58:54 | INFO | root | sample written: 2025-09-14T18:58:54,21,14,12282,9868,48,12.13
2025-09-14 18:58:56 | INFO | root | sample written: 2025-09-14T18:58:56,16,11,12282,10380,48,12.35
2025-09-14 18:58:58 | INFO | root | sample written: 2025-09-14T18:58:58,16,11,12282,10988,48,12.39
2025-09-14 18:59:00 | INFO | root | sample written: 2025-09-14T18:59:00,11,4,12282,11376,51,72.58
2025-09-14 18:59:02 | INFO | root | sample written: 2025-09-14T18:59:02,9,3,12282,11543,50,47.21
2025-09-14 18:59:04 | INFO | root | sample written: 2025-09-14T18:59:04,12,2,12282,11163,51,64.22
2025-09-14 18:59:06 | INFO | root | sample written: 2025-09-14T18:59:06,20,5,12282,11293,49,22.80
2025-09-14 18:59:08 | INFO | root | sample written: 2025-09-14T18:59:08,2,1,12282,8027,49,21.43
2025-09-14 18:59:10 | INFO | root | sample written: 2025-09-14T18:59:10,100,47,12282,10770,61,103.53
2025-09-14 18:59:12 | INFO | root | sample written: 2025-09-14T18:59:12,100,51,12282,10635,61,172.30
2025-09-14 18:59:14 | INFO | root | sample written: 2025-09-14T18:59:14,11,1,12282,10817,53,59.64
2025-09-14 18:59:16 | INFO | root | sample written: 2025-09-14T18:59:16,24,2,12282,10640,51,25.16
2025-09-14 18:59:18 | INFO | root | sample written: 2025-09-14T18:59:18,38,4,12282,7690,50,25.52
2025-09-14 18:59:20 | INFO | root | sample written: 2025-09-14T18:59:20,34,3,12282,6023,50,22.98
2025-09-14 18:59:22 | INFO | root | sample written: 2025-09-14T18:59:22,84,27,12282,9751,61,109.61
2025-09-14 18:59:24 | INFO | root | sample written: 2025-09-14T18:59:24,95,11,12282,9751,64,171.92
2025-09-14 18:59:26 | INFO | root | sample written: 2025-09-14T18:59:26,93,25,12282,9751,63,172.51
2025-09-14 18:59:28 | INFO | root | sample written: 2025-09-14T18:59:28,93,53,12282,9751,61,173.11
2025-09-14 18:59:30 | INFO | root | sample written: 2025-09-14T18:59:30,97,43,12282,9783,63,172.34
2025-09-14 18:59:32 | INFO | root | sample written: 2025-09-14T18:59:32,95,25,12282,9783,66,187.93
2025-09-14 18:59:34 | INFO | root | sample written: 2025-09-14T18:59:34,97,40,12282,9787,67,189.87
2025-09-14 18:59:36 | INFO | root | sample written: 2025-09-14T18:59:36,95,25,12282,9787,65,191.05
2025-09-14 18:59:38 | INFO | root | sample written: 2025-09-14T18:59:38,86,22,12282,9783,68,172.32
2025-09-14 18:59:40 | INFO | root | sample written: 2025-09-14T18:59:40,83,33,12282,9783,67,175.51
2025-09-14 18:59:42 | INFO | root | sample written: 2025-09-14T18:59:42,79,27,12282,9783,65,177.65
2025-09-14 18:59:44 | INFO | root | sample written: 2025-09-14T18:59:44,97,18,12282,9783,64,172.66
2025-09-14 18:59:46 | INFO | root | sample written: 2025-09-14T18:59:46,98,9,12282,9783,66,180.24
2025-09-14 18:59:48 | INFO | root | sample written: 2025-09-14T18:59:48,99,32,12282,9788,69,187.41
2025-09-14 18:59:50 | INFO | root | sample written: 2025-09-14T18:59:50,100,29,12282,9788,69,187.96
2025-09-14 18:59:52 | INFO | root | sample written: 2025-09-14T18:59:52,95,35,12282,9788,68,185.32
2025-09-14 18:59:54 | INFO | root | sample written: 2025-09-14T18:59:54,86,34,12282,9931,69,174.61
2025-09-14 18:59:56 | INFO | root | sample written: 2025-09-14T18:59:56,96,16,12282,9788,69,173.71
2025-09-14 18:59:58 | INFO | root | sample written: 2025-09-14T18:59:58,94,49,12282,9777,67,174.70
2025-09-14 19:00:00 | INFO | root | sample written: 2025-09-14T19:00:00,94,35,12282,9777,68,173.04
2025-09-14 19:00:02 | INFO | root | sample written: 2025-09-14T19:00:02,97,48,12282,9777,65,184.54
2025-09-14 19:00:05 | INFO | root | sample written: 2025-09-14T19:00:05,94,34,12282,9781,69,190.28
2025-09-14 19:00:07 | INFO | root | sample written: 2025-09-14T19:00:07,94,42,12282,9781,69,191.21
2025-09-14 19:00:09 | INFO | root | sample written: 2025-09-14T19:00:09,98,31,12282,9781,65,187.38
2025-09-14 19:00:11 | INFO | root | sample written: 2025-09-14T19:00:11,86,31,12282,9781,67,178.24
2025-09-14 19:00:13 | INFO | root | sample written: 2025-09-14T19:00:13,90,20,12282,9781,67,177.86
2025-09-14 19:00:15 | INFO | root | sample written: 2025-09-14T19:00:15,96,38,12282,9777,64,173.43
2025-09-14 19:00:17 | INFO | root | sample written: 2025-09-14T19:00:17,91,49,12282,9777,67,176.23
2025-09-14 19:00:19 | INFO | root | sample written: 2025-09-14T19:00:19,99,28,12282,9777,68,189.88
2025-09-14 19:00:21 | INFO | root | sample written: 2025-09-14T19:00:21,96,57,12282,9781,72,194.29
2025-09-14 19:00:23 | INFO | root | sample written: 2025-09-14T19:00:23,94,36,12282,9781,70,191.17
2025-09-14 19:00:25 | INFO | root | sample written: 2025-09-14T19:00:25,5,0,12282,6482,58,145.91
2025-09-14 19:00:27 | INFO | root | sample written: 2025-09-14T19:00:27,6,1,12282,6444,54,38.80
2025-09-14 19:00:29 | INFO | root | sample written: 2025-09-14T19:00:29,40,3,12282,6300,53,29.89
2025-09-14 19:00:31 | INFO | root | sample written: 2025-09-14T19:00:31,52,14,12282,9527,52,27.59
2025-09-14 19:00:33 | INFO | root | sample written: 2025-09-14T19:00:33,38,1,12282,6583,52,19.98
2025-09-14 19:00:35 | INFO | root | sample written: 2025-09-14T19:00:35,89,58,12282,10103,62,44.55
2025-09-14 19:00:37 | INFO | root | sample written: 2025-09-14T19:00:37,84,35,12282,10167,63,162.43
2025-09-14 19:00:39 | INFO | root | sample written: 2025-09-14T19:00:39,72,30,12282,10167,61,166.55
2025-09-14 19:00:41 | INFO | root | sample written: 2025-09-14T19:00:41,72,27,12282,10167,61,162.55
2025-09-14 19:00:43 | INFO | root | sample written: 2025-09-14T19:00:43,74,28,12282,10167,60,156.72
2025-09-14 19:00:45 | INFO | root | sample written: 2025-09-14T19:00:45,89,31,12282,10167,69,157.70
2025-09-14 19:00:47 | INFO | root | sample written: 2025-09-14T19:00:47,89,14,12282,10167,65,175.90
2025-09-14 19:00:49 | INFO | root | sample written: 2025-09-14T19:00:49,84,41,12282,10167,70,168.18
2025-09-14 19:00:51 | INFO | root | sample written: 2025-09-14T19:00:51,78,31,12282,10167,68,169.36
2025-09-14 19:00:53 | INFO | root | sample written: 2025-09-14T19:00:53,88,39,12282,10167,67,174.19
2025-09-14 19:00:55 | INFO | root | sample written: 2025-09-14T19:00:55,81,28,12282,10301,67,176.16
2025-09-14 19:00:57 | INFO | root | sample written: 2025-09-14T19:00:57,95,35,12282,10173,67,174.16
2025-09-14 19:00:59 | INFO | root | sample written: 2025-09-14T19:00:59,88,33,12282,10161,68,173.68
2025-09-14 19:01:01 | INFO | root | sample written: 2025-09-14T19:01:01,94,16,12282,10161,67,173.84
2025-09-14 19:01:03 | INFO | root | sample written: 2025-09-14T19:01:03,96,59,12282,10161,72,176.71
2025-09-14 19:01:05 | INFO | root | sample written: 2025-09-14T19:01:05,99,29,12282,10161,69,186.26
2025-09-14 19:01:07 | INFO | root | sample written: 2025-09-14T19:01:07,95,37,12282,10165,70,190.52
2025-09-14 19:01:09 | INFO | root | sample written: 2025-09-14T19:01:09,94,42,12282,10165,69,188.10
2025-09-14 19:01:11 | INFO | root | sample written: 2025-09-14T19:01:11,96,11,12282,10348,70,174.66
2025-09-14 19:01:13 | INFO | root | sample written: 2025-09-14T19:01:13,93,43,12282,10203,71,173.70
2025-09-14 19:01:15 | INFO | root | sample written: 2025-09-14T19:01:15,79,36,12282,10203,65,176.11
2025-09-14 19:01:17 | INFO | root | sample written: 2025-09-14T19:01:17,90,45,12282,10203,68,177.72
2025-09-14 19:01:19 | INFO | root | sample written: 2025-09-14T19:01:19,90,40,12282,10199,68,175.70
2025-09-14 19:01:21 | INFO | root | sample written: 2025-09-14T19:01:21,97,57,12282,10199,73,189.45
2025-09-14 19:01:23 | INFO | root | sample written: 2025-09-14T19:01:23,98,42,12282,10199,67,189.79
2025-09-14 19:01:25 | INFO | root | sample written: 2025-09-14T19:01:25,97,15,12282,10203,70,188.76
2025-09-14 19:01:27 | INFO | root | sample written: 2025-09-14T19:01:27,100,28,12282,10385,67,181.73
2025-09-14 19:01:29 | INFO | root | sample written: 2025-09-14T19:01:29,87,33,12282,10339,72,177.88
2025-09-14 19:01:31 | INFO | root | sample written: 2025-09-14T19:01:31,93,22,12282,10208,65,173.12
2025-09-14 19:01:33 | INFO | root | sample written: 2025-09-14T19:01:33,90,43,12282,10199,72,173.01
2025-09-14 19:01:35 | INFO | root | sample written: 2025-09-14T19:01:35,85,37,12282,10199,66,177.85
2025-09-14 19:01:37 | INFO | root | sample written: 2025-09-14T19:01:37,96,36,12282,10199,69,190.67
2025-09-14 19:01:39 | INFO | root | sample written: 2025-09-14T19:01:39,95,42,12282,10199,69,189.44
2025-09-14 19:01:41 | INFO | root | sample written: 2025-09-14T19:01:41,97,59,12282,10204,72,188.50
2025-09-14 19:01:43 | INFO | root | sample written: 2025-09-14T19:01:43,14,1,12282,10384,60,183.17
2025-09-14 19:01:45 | INFO | root | sample written: 2025-09-14T19:01:45,8,1,12282,10332,55,47.01
2025-09-14 19:01:47 | INFO | root | sample written: 2025-09-14T19:01:47,8,1,12282,10203,54,26.12
2025-09-14 19:01:49 | INFO | root | sample written: 2025-09-14T19:01:49,8,4,12282,2075,53,22.47
2025-09-14 19:01:51 | INFO | root | sample written: 2025-09-14T19:01:51,17,11,12282,2555,52,16.31
2025-09-14 19:01:53 | INFO | root | sample written: 2025-09-14T19:01:53,14,11,12282,3191,51,15.15
2025-09-14 19:01:55 | INFO | root | sample written: 2025-09-14T19:01:55,28,15,12282,3575,51,14.35
2025-09-14 19:01:57 | INFO | root | sample written: 2025-09-14T19:01:57,12,9,12282,3931,51,13.95
2025-09-14 19:01:59 | INFO | root | sample written: 2025-09-14T19:01:59,11,7,12282,4123,50,13.50
2025-09-14 19:02:01 | INFO | root | sample written: 2025-09-14T19:02:01,11,6,12282,4275,50,13.49
2025-09-14 19:02:03 | INFO | root | sample written: 2025-09-14T19:02:03,13,7,12282,4677,50,13.08
2025-09-14 19:02:05 | INFO | root | sample written: 2025-09-14T19:02:05,22,11,12282,5089,49,13.15
2025-09-14 19:02:07 | INFO | root | sample written: 2025-09-14T19:02:07,18,11,12282,5729,49,13.17
2025-09-14 19:02:09 | INFO | root | sample written: 2025-09-14T19:02:09,32,21,12282,6415,49,13.33
2025-09-14 19:02:11 | INFO | root | sample written: 2025-09-14T19:02:11,3,0,12282,6859,50,31.68
2025-09-14 19:02:13 | INFO | root | sample written: 2025-09-14T19:02:13,8,3,12282,7660,49,33.36
2025-09-14 19:02:15 | INFO | root | sample written: 2025-09-14T19:02:15,16,8,12282,7764,49,19.72
2025-09-14 19:02:17 | INFO | root | sample written: 2025-09-14T19:02:17,9,6,12282,7715,49,17.64
2025-09-14 19:02:19 | INFO | root | sample written: 2025-09-14T19:02:19,0,1,12282,5657,49,16.19
2025-09-14 19:02:21 | INFO | root | sample written: 2025-09-14T19:02:21,55,30,12282,9369,58,89.88
2025-09-14 19:02:23 | INFO | root | sample written: 2025-09-14T19:02:23,68,29,12282,9369,65,130.88
2025-09-14 19:02:25 | INFO | root | sample written: 2025-09-14T19:02:25,55,28,12282,9369,63,147.26
2025-09-14 19:02:27 | INFO | root | sample written: 2025-09-14T19:02:27,69,24,12282,9567,62,133.68
2025-09-14 19:02:29 | INFO | root | sample written: 2025-09-14T19:02:29,34,13,12282,9732,55,117.02
2025-09-14 19:02:31 | INFO | root | sample written: 2025-09-14T19:02:31,81,29,12282,9508,58,109.93
2025-09-14 19:02:33 | INFO | root | sample written: 2025-09-14T19:02:33,63,20,12282,9440,56,79.61
2025-09-14 19:02:35 | INFO | root | sample written: 2025-09-14T19:02:35,71,34,12282,9445,57,117.49
2025-09-14 19:02:37 | INFO | root | sample written: 2025-09-14T19:02:37,44,21,12282,9445,63,147.38
2025-09-14 19:02:39 | INFO | root | sample written: 2025-09-14T19:02:39,54,28,12282,9438,65,149.07
2025-09-14 19:02:41 | INFO | root | sample written: 2025-09-14T19:02:41,79,28,12282,9451,62,152.14
2025-09-14 19:02:43 | INFO | root | sample written: 2025-09-14T19:02:43,73,28,12282,9451,64,158.80
2025-09-14 19:02:45 | INFO | root | sample written: 2025-09-14T19:02:45,93,54,12282,9423,70,156.79
2025-09-14 19:02:47 | INFO | root | sample written: 2025-09-14T19:02:47,91,41,12282,9545,68,176.74
2025-09-14 19:02:49 | INFO | root | sample written: 2025-09-14T19:02:49,87,32,12282,9498,65,172.56
2025-09-14 19:02:51 | INFO | root | sample written: 2025-09-14T19:02:51,81,39,12282,9486,70,174.21
2025-09-14 19:02:53 | INFO | root | sample written: 2025-09-14T19:02:53,93,13,12282,9580,66,178.80
2025-09-14 19:02:55 | INFO | root | sample written: 2025-09-14T19:02:55,96,15,12282,9516,66,186.53
2025-09-14 19:02:57 | INFO | root | sample written: 2025-09-14T19:02:57,93,37,12282,9751,71,188.34
2025-09-14 19:02:59 | INFO | root | sample written: 2025-09-14T19:02:59,97,48,12282,9751,73,189.69
2025-09-14 19:03:01 | INFO | root | sample written: 2025-09-14T19:03:01,88,26,12282,9566,69,180.16
2025-09-14 19:03:03 | INFO | root | sample written: 2025-09-14T19:03:03,94,13,12282,9577,66,178.52
2025-09-14 19:03:05 | INFO | root | sample written: 2025-09-14T19:03:05,93,18,12282,9637,66,180.20
2025-09-14 19:03:07 | INFO | root | sample written: 2025-09-14T19:03:07,97,27,12282,9637,69,179.47
2025-09-14 19:03:09 | INFO | root | sample written: 2025-09-14T19:03:09,90,51,12282,9602,66,175.07
2025-09-14 19:03:11 | INFO | root | sample written: 2025-09-14T19:03:11,98,22,12282,9591,70,188.26
2025-09-14 19:03:13 | INFO | root | sample written: 2025-09-14T19:03:13,96,37,12282,9588,73,192.36
2025-09-14 19:03:15 | INFO | root | sample written: 2025-09-14T19:03:15,84,41,12282,9588,71,192.97
2025-09-14 19:03:17 | INFO | root | sample written: 2025-09-14T19:03:17,92,31,12282,9591,68,180.96
2025-09-14 19:03:19 | INFO | root | sample written: 2025-09-14T19:03:19,89,31,12282,9542,71,177.31
2025-09-14 19:03:21 | INFO | root | sample written: 2025-09-14T19:03:21,88,25,12282,9542,68,178.16
2025-09-14 19:03:23 | INFO | root | sample written: 2025-09-14T19:03:23,83,38,12282,9542,69,172.85
2025-09-14 19:03:25 | INFO | root | sample written: 2025-09-14T19:03:25,93,42,12282,9542,69,182.03
2025-09-14 19:03:27 | INFO | root | sample written: 2025-09-14T19:03:27,95,46,12282,9704,66,187.91
2025-09-14 19:03:30 | INFO | root | sample written: 2025-09-14T19:03:30,90,35,12282,9704,69,191.91
2025-09-14 19:03:32 | INFO | root | sample written: 2025-09-14T19:03:32,96,42,12282,9704,66,190.79
2025-09-14 19:03:34 | INFO | root | sample written: 2025-09-14T19:03:34,88,44,12282,9687,65,180.06
2025-09-14 19:03:36 | INFO | root | sample written: 2025-09-14T19:03:36,97,27,12282,9684,70,181.68
2025-09-14 19:03:38 | INFO | root | sample written: 2025-09-14T19:03:38,95,37,12282,9684,66,180.04
2025-09-14 19:03:40 | INFO | root | sample written: 2025-09-14T19:03:40,93,49,12282,9685,68,178.04
2025-09-14 19:03:42 | INFO | root | sample written: 2025-09-14T19:03:42,99,29,12282,9685,67,189.05
2025-09-14 19:03:44 | INFO | root | sample written: 2025-09-14T19:03:44,97,35,12282,9685,71,188.46
2025-09-14 19:03:46 | INFO | root | sample written: 2025-09-14T19:03:46,98,39,12282,9717,70,190.18
2025-09-14 19:03:48 | INFO | root | sample written: 2025-09-14T19:03:48,93,41,12282,9717,64,183.69
2025-09-14 19:03:50 | INFO | root | sample written: 2025-09-14T19:03:50,88,37,12282,9717,69,181.26
2025-09-14 19:03:52 | INFO | root | sample written: 2025-09-14T19:03:52,93,29,12282,9718,65,178.69
2025-09-14 19:03:54 | INFO | root | sample written: 2025-09-14T19:03:54,90,32,12282,9718,68,179.65
2025-09-14 19:03:56 | INFO | root | sample written: 2025-09-14T19:03:56,86,26,12282,9718,70,178.77
2025-09-14 19:03:58 | INFO | root | sample written: 2025-09-14T19:03:58,94,49,12282,9718,72,190.52
2025-09-14 19:04:00 | INFO | root | sample written: 2025-09-14T19:04:00,90,47,12282,9718,70,191.28
2025-09-14 19:04:02 | INFO | root | sample written: 2025-09-14T19:04:02,95,46,12282,9750,66,185.50
2025-09-14 19:04:04 | INFO | root | sample written: 2025-09-14T19:04:04,100,44,12282,9956,66,161.47
2025-09-14 19:04:06 | INFO | root | sample written: 2025-09-14T19:04:06,100,71,12282,9453,67,183.70
2025-09-14 19:04:08 | INFO | root | sample written: 2025-09-14T19:04:08,100,45,12282,9462,66,184.50
2025-09-14 19:04:10 | INFO | root | sample written: 2025-09-14T19:04:10,100,68,12282,9473,59,136.10
2025-09-14 19:04:12 | INFO | root | sample written: 2025-09-14T19:04:12,16,2,12282,6351,55,42.09
2025-09-14 19:04:14 | INFO | root | sample written: 2025-09-14T19:04:14,7,1,12282,6165,53,27.40
2025-09-14 19:04:16 | INFO | root | sample written: 2025-09-14T19:04:16,7,1,12282,6096,52,25.49
2025-09-14 19:04:18 | INFO | root | sample written: 2025-09-14T19:04:18,25,15,12282,2194,52,20.20
2025-09-14 19:04:20 | INFO | root | sample written: 2025-09-14T19:04:20,2,6,12282,2202,51,16.91
2025-09-14 19:04:22 | INFO | root | sample written: 2025-09-14T19:04:22,23,20,12282,1871,51,17.19
2025-09-14 19:04:24 | INFO | root | sample written: 2025-09-14T19:04:24,1,2,12282,1875,50,16.40
2025-09-14 19:04:26 | INFO | root | sample written: 2025-09-14T19:04:26,10,8,12282,1763,50,14.13
2025-09-14 19:04:28 | INFO | root | sample written: 2025-09-14T19:04:28,21,11,12282,1900,50,14.04
2025-09-14 19:04:30 | INFO | root | sample written: 2025-09-14T19:04:30,0,3,12282,1940,49,13.54
2025-09-14 19:04:32 | INFO | root | sample written: 2025-09-14T19:04:32,6,4,12282,1957,49,13.35
2025-09-14 19:04:34 | INFO | root | sample written: 2025-09-14T19:04:34,20,8,12282,1936,49,13.16
2025-09-14 19:04:36 | INFO | root | sample written: 2025-09-14T19:04:36,12,9,12282,1913,49,13.08
2025-09-14 19:04:38 | INFO | root | sample written: 2025-09-14T19:04:38,0,4,12282,1915,49,12.78
2025-09-14 19:04:40 | INFO | root | sample written: 2025-09-14T19:04:40,1,5,12282,1862,49,13.04
2025-09-14 19:04:42 | INFO | root | sample written: 2025-09-14T19:04:42,2,5,12282,1803,48,12.72
2025-09-14 19:04:44 | INFO | root | sample written: 2025-09-14T19:04:44,4,5,12282,1821,48,13.47
2025-09-14 19:04:46 | INFO | root | sample written: 2025-09-14T19:04:46,0,4,12282,1853,48,12.77
2025-09-14 19:04:48 | INFO | root | sample written: 2025-09-14T19:04:48,5,7,12282,1863,48,13.27
2025-09-14 19:04:50 | INFO | root | sample written: 2025-09-14T19:04:50,3,6,12282,1796,48,12.74
2025-09-14 19:04:52 | INFO | root | sample written: 2025-09-14T19:04:52,4,6,12282,1837,48,12.67
2025-09-14 19:04:54 | INFO | root | sample written: 2025-09-14T19:04:54,0,5,12282,1800,48,12.26
2025-09-14 19:04:56 | INFO | root | sample written: 2025-09-14T19:04:56,0,5,12282,1855,48,12.84
2025-09-14 19:04:58 | INFO | root | sample written: 2025-09-14T19:04:58,0,4,12282,1855,48,12.45
2025-09-14 19:05:00 | INFO | root | sample written: 2025-09-14T19:05:00,0,5,12282,1895,48,12.63
2025-09-14 19:05:02 | INFO | root | sample written: 2025-09-14T19:05:02,0,4,12282,1847,48,12.17
2025-09-14 19:05:04 | INFO | root | sample written: 2025-09-14T19:05:04,0,4,12282,1832,48,12.33
2025-09-14 19:05:06 | INFO | root | sample written: 2025-09-14T19:05:06,0,3,12282,1832,48,11.61
2025-09-14 19:05:08 | INFO | root | sample written: 2025-09-14T19:05:08,12,8,12282,1825,48,12.04
2025-09-14 19:05:10 | INFO | root | sample written: 2025-09-14T19:05:10,3,1,12282,1833,48,12.34
2025-09-14 19:05:12 | INFO | root | sample written: 2025-09-14T19:05:12,2,2,12282,1816,48,12.35
2025-09-14 19:05:14 | INFO | root | sample written: 2025-09-14T19:05:14,0,3,12282,1748,48,12.34
2025-09-14 19:05:16 | INFO | root | sample written: 2025-09-14T19:05:16,0,3,12282,1747,48,12.16
2025-09-14 19:05:18 | INFO | root | sample written: 2025-09-14T19:05:18,9,7,12282,1861,48,12.50
2025-09-14 19:05:20 | INFO | root | sample written: 2025-09-14T19:05:20,4,5,12282,1880,48,12.64
2025-09-14 19:05:22 | INFO | root | sample written: 2025-09-14T19:05:22,0,4,12282,1915,48,12.71
2025-09-14 19:05:24 | INFO | root | sample written: 2025-09-14T19:05:24,10,8,12282,1855,48,12.97
2025-09-14 19:05:26 | INFO | root | sample written: 2025-09-14T19:05:26,1,5,12282,1856,48,12.46
2025-09-14 19:05:28 | INFO | root | sample written: 2025-09-14T19:05:28,31,17,12282,1850,48,12.17
2025-09-14 19:05:30 | INFO | root | sample written: 2025-09-14T19:05:30,8,7,12282,1850,48,11.90
2025-09-14 19:05:32 | INFO | root | sample written: 2025-09-14T19:05:32,0,4,12282,1850,48,11.53
2025-09-14 19:05:34 | INFO | root | sample written: 2025-09-14T19:05:34,0,4,12282,1850,48,12.14
2025-09-14 19:05:36 | INFO | root | sample written: 2025-09-14T19:05:36,0,4,12282,1850,47,12.26
2025-09-14 19:05:38 | INFO | root | sample written: 2025-09-14T19:05:38,0,4,12282,1850,47,11.99
2025-09-14 19:05:40 | INFO | root | sample written: 2025-09-14T19:05:40,0,4,12282,1876,47,12.10
2025-09-14 19:05:42 | INFO | root | sample written: 2025-09-14T19:05:42,0,1,12282,1859,47,11.79
2025-09-14 19:05:44 | INFO | root | sample written: 2025-09-14T19:05:44,11,7,12282,1847,47,11.82
2025-09-14 19:05:46 | INFO | root | sample written: 2025-09-14T19:05:46,2,3,12282,1905,47,11.92
2025-09-14 19:05:48 | INFO | root | sample written: 2025-09-14T19:05:48,2,5,12282,1853,47,12.80
2025-09-14 19:05:50 | INFO | root | sample written: 2025-09-14T19:05:50,14,11,12282,1880,47,12.66
2025-09-14 19:05:52 | INFO | root | sample written: 2025-09-14T19:05:52,0,5,12282,1889,47,12.48
2025-09-14 19:05:54 | INFO | root | sample written: 2025-09-14T19:05:54,0,6,12282,1938,47,12.02
2025-09-14 19:05:56 | INFO | root | sample written: 2025-09-14T19:05:56,11,9,12282,1885,47,12.14
2025-09-14 19:05:58 | INFO | root | sample written: 2025-09-14T19:05:58,0,7,12282,1900,47,12.54
2025-09-14 19:06:00 | INFO | root | sample written: 2025-09-14T19:06:00,7,2,12282,1900,47,12.48
2025-09-14 19:06:02 | INFO | root | sample written: 2025-09-14T19:06:02,2,4,12282,1855,47,12.17
2025-09-14 19:06:04 | INFO | root | sample written: 2025-09-14T19:06:04,0,2,12282,1901,47,12.33
2025-09-14 19:06:06 | INFO | root | sample written: 2025-09-14T19:06:06,23,14,12282,1878,47,12.60
2025-09-14 19:06:08 | INFO | root | sample written: 2025-09-14T19:06:08,3,5,12282,1821,47,12.36
2025-09-14 19:06:10 | INFO | root | sample written: 2025-09-14T19:06:10,4,6,12282,1884,47,12.24
2025-09-14 19:06:12 | INFO | root | sample written: 2025-09-14T19:06:12,0,5,12282,1890,47,11.92
2025-09-14 19:06:14 | INFO | root | sample written: 2025-09-14T19:06:14,11,16,12282,1866,47,12.91
2025-09-14 19:06:16 | INFO | root | sample written: 2025-09-14T19:06:16,13,14,12282,1861,47,13.23
2025-09-14 19:06:18 | INFO | root | sample written: 2025-09-14T19:06:18,7,12,12282,1765,47,13.47
2025-09-14 19:06:20 | INFO | root | sample written: 2025-09-14T19:06:20,5,12,12282,1765,47,12.77
2025-09-14 19:06:22 | INFO | root | sample written: 2025-09-14T19:06:22,4,11,12282,1783,47,12.91
2025-09-14 19:06:24 | INFO | root | sample written: 2025-09-14T19:06:24,1,0,12282,1791,48,31.81
2025-09-14 19:06:26 | INFO | root | sample written: 2025-09-14T19:06:26,2,0,12282,1796,48,26.80
2025-09-14 19:06:28 | INFO | root | sample written: 2025-09-14T19:06:28,6,4,12282,1846,47,15.00
2025-09-14 19:06:30 | INFO | root | sample written: 2025-09-14T19:06:30,3,3,12282,1846,47,11.71
2025-09-14 19:06:32 | INFO | root | sample written: 2025-09-14T19:06:32,4,2,12282,1857,47,11.59
2025-09-14 19:06:34 | INFO | root | sample written: 2025-09-14T19:06:34,6,3,12282,1857,47,12.01
2025-09-14 19:06:36 | INFO | root | sample written: 2025-09-14T19:06:36,21,11,12282,1831,47,12.55
2025-09-14 19:06:38 | INFO | root | sample written: 2025-09-14T19:06:38,14,8,12282,1833,47,12.48
2025-09-14 19:06:40 | INFO | root | sample written: 2025-09-14T19:06:40,10,6,12282,1833,47,12.57
2025-09-14 19:06:42 | INFO | root | sample written: 2025-09-14T19:06:42,17,10,12282,1831,47,12.60
2025-09-14 19:06:44 | INFO | root | sample written: 2025-09-14T19:06:44,10,8,12282,1951,47,12.30
2025-09-14 19:06:46 | INFO | root | sample written: 2025-09-14T19:06:46,0,7,12282,1959,47,12.22
2025-09-14 19:06:48 | INFO | root | sample written: 2025-09-14T19:06:48,5,7,12282,1902,47,12.40
2025-09-14 19:06:50 | INFO | root | sample written: 2025-09-14T19:06:50,3,6,12282,1934,47,12.07
2025-09-14 19:06:52 | INFO | root | sample written: 2025-09-14T19:06:52,15,11,12282,1959,47,12.53
2025-09-14 19:06:54 | INFO | root | sample written: 2025-09-14T19:06:54,0,6,12282,1928,47,12.20
2025-09-14 19:06:56 | INFO | root | sample written: 2025-09-14T19:06:56,12,11,12282,1884,47,12.00
2025-09-14 19:06:58 | INFO | root | sample written: 2025-09-14T19:06:58,0,4,12282,1936,47,11.84
2025-09-14 19:07:00 | INFO | root | sample written: 2025-09-14T19:07:00,8,8,12282,1853,47,11.97
2025-09-14 19:07:02 | INFO | root | sample written: 2025-09-14T19:07:02,12,5,12282,1905,47,11.99
2025-09-14 19:07:04 | INFO | root | sample written: 2025-09-14T19:07:04,4,4,12282,1964,47,12.33
2025-09-14 19:07:06 | INFO | root | sample written: 2025-09-14T19:07:06,3,4,12282,1838,47,11.66
2025-09-14 19:07:08 | INFO | root | sample written: 2025-09-14T19:07:08,9,6,12282,1821,47,11.52
2025-09-14 19:07:10 | INFO | root | sample written: 2025-09-14T19:07:10,0,0,12282,1829,47,10.83
2025-09-14 19:07:12 | INFO | root | sample written: 2025-09-14T19:07:12,3,0,12282,1787,48,24.08
2025-09-14 19:07:14 | INFO | root | sample written: 2025-09-14T19:07:14,2,0,12282,1822,48,31.51
2025-09-14 19:07:16 | INFO | root | sample written: 2025-09-14T19:07:16,9,5,12282,1770,47,16.73
2025-09-14 19:07:19 | INFO | root | sample written: 2025-09-14T19:07:19,4,12,12282,1736,47,12.55
2025-09-14 19:07:21 | INFO | root | sample written: 2025-09-14T19:07:21,7,15,12282,1736,47,12.46
2025-09-14 19:07:23 | INFO | root | sample written: 2025-09-14T19:07:23,3,11,12282,1736,47,12.68
2025-09-14 19:07:25 | INFO | root | sample written: 2025-09-14T19:07:25,16,18,12282,1760,47,12.64
2025-09-14 19:07:27 | INFO | root | sample written: 2025-09-14T19:07:27,0,3,12282,1760,47,11.77
2025-09-14 19:07:29 | INFO | root | sample written: 2025-09-14T19:07:29,1,5,12282,1736,47,11.54
2025-09-14 19:07:31 | INFO | root | sample written: 2025-09-14T19:07:31,8,14,12282,1736,47,12.34
2025-09-14 19:07:33 | INFO | root | sample written: 2025-09-14T19:07:33,3,11,12282,1736,47,11.94
2025-09-14 19:07:35 | INFO | root | sample written: 2025-09-14T19:07:35,23,20,12282,1736,47,12.24
2025-09-14 19:07:37 | INFO | root | sample written: 2025-09-14T19:07:37,4,8,12282,1736,47,11.94
2025-09-14 19:07:39 | INFO | root | sample written: 2025-09-14T19:07:39,5,13,12282,1736,47,12.23
2025-09-14 19:07:41 | INFO | root | sample written: 2025-09-14T19:07:41,0,4,12282,1723,47,11.15
2025-09-14 19:07:43 | INFO | root | sample written: 2025-09-14T19:07:43,7,3,12282,1742,47,11.79
2025-09-14 19:07:45 | INFO | root | sample written: 2025-09-14T19:07:45,0,2,12282,1742,47,11.95
2025-09-14 19:07:47 | INFO | root | sample written: 2025-09-14T19:07:47,23,15,12282,1726,47,11.45
2025-09-14 19:07:49 | INFO | root | sample written: 2025-09-14T19:07:49,5,8,12282,1779,47,11.30
2025-09-14 19:07:51 | INFO | root | sample written: 2025-09-14T19:07:51,6,6,12282,1816,47,11.62
2025-09-14 19:07:53 | INFO | root | sample written: 2025-09-14T19:07:53,13,9,12282,1811,47,11.98
2025-09-14 19:07:55 | INFO | root | sample written: 2025-09-14T19:07:55,10,8,12282,1804,47,11.70
2025-09-14 19:07:57 | INFO | root | sample written: 2025-09-14T19:07:57,10,10,12282,1812,47,11.62
2025-09-14 19:07:59 | INFO | root | sample written: 2025-09-14T19:07:59,9,8,12282,1803,47,11.93
2025-09-14 19:08:01 | INFO | root | sample written: 2025-09-14T19:08:01,12,10,12282,1762,47,11.78
2025-09-14 19:08:03 | INFO | root | sample written: 2025-09-14T19:08:03,2,6,12282,1745,47,11.88
2025-09-14 19:08:05 | INFO | root | sample written: 2025-09-14T19:08:05,15,13,12282,1773,47,11.87
2025-09-14 19:08:07 | INFO | root | sample written: 2025-09-14T19:08:07,10,11,12282,1767,47,11.90
2025-09-14 19:08:09 | INFO | root | sample written: 2025-09-14T19:08:09,12,11,12282,1823,47,12.01
2025-09-14 19:08:11 | INFO | root | sample written: 2025-09-14T19:08:11,20,15,12282,1846,47,11.56
2025-09-14 19:08:13 | INFO | root | sample written: 2025-09-14T19:08:13,14,11,12282,1803,47,12.16
2025-09-14 19:08:15 | INFO | root | sample written: 2025-09-14T19:08:15,0,5,12282,1743,47,11.16
2025-09-14 19:08:17 | INFO | root | sample written: 2025-09-14T19:08:17,0,4,12282,1735,47,11.36
2025-09-14 19:08:19 | INFO | root | sample written: 2025-09-14T19:08:19,0,5,12282,1734,47,10.68
2025-09-14 19:08:21 | INFO | root | sample written: 2025-09-14T19:08:21,0,6,12282,1847,47,10.87
2025-09-14 19:08:23 | INFO | root | sample written: 2025-09-14T19:08:23,0,4,12282,1851,47,11.13
2025-09-14 19:08:25 | INFO | root | sample written: 2025-09-14T19:08:25,0,6,12282,1788,47,11.38
2025-09-14 19:08:27 | INFO | root | sample written: 2025-09-14T19:08:27,9,8,12282,1841,47,11.71
2025-09-14 19:08:29 | INFO | root | sample written: 2025-09-14T19:08:29,5,5,12282,1841,47,11.13
2025-09-14 19:08:31 | INFO | root | sample written: 2025-09-14T19:08:31,6,5,12282,1844,47,11.70
2025-09-14 19:08:33 | INFO | root | sample written: 2025-09-14T19:08:33,42,35,12282,2119,47,16.04
2025-09-14 19:08:35 | INFO | root | sample written: 2025-09-14T19:08:35,6,6,12282,2068,47,16.00
2025-09-14 19:08:36 | INFO | root | Coleta parada pelo usuário
